// Jest Snapshot v1, https://goo.gl/fbAQLP

exports[`PokemonList should match the snapshot 1`] = `
<div
  class="pokemon_grid"
>
  <article
    class="pokemon_card pokemon-type-electric"
  >
    <section>
      <div
        class="pokemon_header"
      >
        <h2>
          Pikachu
        </h2>
        <button>
          <i
            class="fa-regular fa-heart fa-xl"
          />
        </button>
      </div>
      <div
        class="pokemon_chips"
      >
        <div
          class="pokemon_chip"
        >
          Electric
        </div>
      </div>
      <div
        class="pokemon_bg_image_container"
      >
        <div
          class="pokeball_icon"
        >
          <img
            alt="pokeball icon"
            data-nimg="1"
            decoding="async"
            height="150"
            loading="lazy"
            src="/_next/image?url=%2Fimages%2Fpokeball-icon.png&w=384&q=75"
            srcset="/_next/image?url=%2Fimages%2Fpokeball-icon.png&w=256&q=75 1x, /_next/image?url=%2Fimages%2Fpokeball-icon.png&w=384&q=75 2x"
            style="color: transparent;"
            width="150"
          />
        </div>
        <div
          class="points_icon"
        >
          <img
            alt="points icon"
            data-nimg="1"
            decoding="async"
            height="50"
            loading="lazy"
            src="/_next/image?url=%2Fimages%2Fpoints-icon.png&w=128&q=75"
            srcset="/_next/image?url=%2Fimages%2Fpoints-icon.png&w=64&q=75 1x, /_next/image?url=%2Fimages%2Fpoints-icon.png&w=128&q=75 2x"
            style="color: transparent;"
            width="50"
          />
        </div>
        <div
          class="lines_icon"
        >
          <img
            alt="lines icon"
            data-nimg="1"
            decoding="async"
            height="50"
            loading="lazy"
            src="/_next/image?url=%2Fimages%2Flines-icon.png&w=128&q=75"
            srcset="/_next/image?url=%2Fimages%2Flines-icon.png&w=64&q=75 1x, /_next/image?url=%2Fimages%2Flines-icon.png&w=128&q=75 2x"
            style="color: transparent;"
            width="50"
          />
        </div>
        <div
          class="pokemon_image"
        >
          <img
            alt="pokemon image"
            data-nimg="1"
            decoding="async"
            fetchpriority="high"
            height="200"
            src="/_next/image?url=https%3A%2F%2Fraw.githubusercontent.com%2FPokeAPI%2Fsprites%2Fmaster%2Fsprites%2Fpokemon%2F25.png&w=640&q=75"
            srcset="/_next/image?url=https%3A%2F%2Fraw.githubusercontent.com%2FPokeAPI%2Fsprites%2Fmaster%2Fsprites%2Fpokemon%2F25.png&w=256&q=75 1x, /_next/image?url=https%3A%2F%2Fraw.githubusercontent.com%2FPokeAPI%2Fsprites%2Fmaster%2Fsprites%2Fpokemon%2F25.png&w=640&q=75 2x"
            style="color: transparent;"
            width="200"
          />
        </div>
      </div>
    </section>
    <div
      class="pokemon_stats light-card-bg"
    >
      <p
        class="light-font"
      >
        Base Stats
      </p>
      <div
        class="base_stats"
      />
    </div>
  </article>
  <article
    class="pokemon_card pokemon-type-fire"
  >
    <section>
      <div
        class="pokemon_header"
      >
        <h2>
          Charizard
        </h2>
        <button>
          <i
            class="fa-regular fa-heart fa-xl"
          />
        </button>
      </div>
      <div
        class="pokemon_chips"
      >
        <div
          class="pokemon_chip"
        >
          Fire
        </div>
      </div>
      <div
        class="pokemon_bg_image_container"
      >
        <div
          class="pokeball_icon"
        >
          <img
            alt="pokeball icon"
            data-nimg="1"
            decoding="async"
            height="150"
            loading="lazy"
            src="/_next/image?url=%2Fimages%2Fpokeball-icon.png&w=384&q=75"
            srcset="/_next/image?url=%2Fimages%2Fpokeball-icon.png&w=256&q=75 1x, /_next/image?url=%2Fimages%2Fpokeball-icon.png&w=384&q=75 2x"
            style="color: transparent;"
            width="150"
          />
        </div>
        <div
          class="points_icon"
        >
          <img
            alt="points icon"
            data-nimg="1"
            decoding="async"
            height="50"
            loading="lazy"
            src="/_next/image?url=%2Fimages%2Fpoints-icon.png&w=128&q=75"
            srcset="/_next/image?url=%2Fimages%2Fpoints-icon.png&w=64&q=75 1x, /_next/image?url=%2Fimages%2Fpoints-icon.png&w=128&q=75 2x"
            style="color: transparent;"
            width="50"
          />
        </div>
        <div
          class="lines_icon"
        >
          <img
            alt="lines icon"
            data-nimg="1"
            decoding="async"
            height="50"
            loading="lazy"
            src="/_next/image?url=%2Fimages%2Flines-icon.png&w=128&q=75"
            srcset="/_next/image?url=%2Fimages%2Flines-icon.png&w=64&q=75 1x, /_next/image?url=%2Fimages%2Flines-icon.png&w=128&q=75 2x"
            style="color: transparent;"
            width="50"
          />
        </div>
        <div
          class="pokemon_image"
        >
          <img
            alt="pokemon image"
            data-nimg="1"
            decoding="async"
            fetchpriority="high"
            height="200"
            src="/_next/image?url=https%3A%2F%2Fraw.githubusercontent.com%2FPokeAPI%2Fsprites%2Fmaster%2Fsprites%2Fpokemon%2F6.png&w=640&q=75"
            srcset="/_next/image?url=https%3A%2F%2Fraw.githubusercontent.com%2FPokeAPI%2Fsprites%2Fmaster%2Fsprites%2Fpokemon%2F6.png&w=256&q=75 1x, /_next/image?url=https%3A%2F%2Fraw.githubusercontent.com%2FPokeAPI%2Fsprites%2Fmaster%2Fsprites%2Fpokemon%2F6.png&w=640&q=75 2x"
            style="color: transparent;"
            width="200"
          />
        </div>
      </div>
    </section>
    <div
      class="pokemon_stats light-card-bg"
    >
      <p
        class="light-font"
      >
        Base Stats
      </p>
      <div
        class="base_stats"
      />
    </div>
  </article>
</div>
`;
