// Jest Snapshot v1, https://goo.gl/fbAQLP

exports[`PokemonImage should match the snapshot 1`] = `
<div>
  <div
    class="pokemon_bg_image_container"
  >
    <div
      class="pokeball_icon"
    >
      <img
        alt="pokeball icon"
        data-nimg="1"
        decoding="async"
        height="150"
        loading="lazy"
        src="/_next/image?url=%2Fimages%2Fpokeball-icon.png&w=384&q=75"
        srcset="/_next/image?url=%2Fimages%2Fpokeball-icon.png&w=256&q=75 1x, /_next/image?url=%2Fimages%2Fpokeball-icon.png&w=384&q=75 2x"
        style="color: transparent;"
        width="150"
      />
    </div>
    <div
      class="points_icon"
    >
      <img
        alt="points icon"
        data-nimg="1"
        decoding="async"
        height="50"
        loading="lazy"
        src="/_next/image?url=%2Fimages%2Fpoints-icon.png&w=128&q=75"
        srcset="/_next/image?url=%2Fimages%2Fpoints-icon.png&w=64&q=75 1x, /_next/image?url=%2Fimages%2Fpoints-icon.png&w=128&q=75 2x"
        style="color: transparent;"
        width="50"
      />
    </div>
    <div
      class="lines_icon"
    >
      <img
        alt="lines icon"
        data-nimg="1"
        decoding="async"
        height="50"
        loading="lazy"
        src="/_next/image?url=%2Fimages%2Flines-icon.png&w=128&q=75"
        srcset="/_next/image?url=%2Fimages%2Flines-icon.png&w=64&q=75 1x, /_next/image?url=%2Fimages%2Flines-icon.png&w=128&q=75 2x"
        style="color: transparent;"
        width="50"
      />
    </div>
    <div
      class="pokemon_image"
    >
      <img
        alt="pokemon image"
        data-nimg="1"
        decoding="async"
        fetchpriority="high"
        height="200"
        src="/_next/image?url=%2Fimages%2Fhome_front_default.png&w=640&q=75"
        srcset="/_next/image?url=%2Fimages%2Fhome_front_default.png&w=256&q=75 1x, /_next/image?url=%2Fimages%2Fhome_front_default.png&w=640&q=75 2x"
        style="color: transparent;"
        width="200"
      />
    </div>
  </div>
</div>
`;
